*** Sanity checks ***

sqrt(2)^2 = 2... ok

1/sqrt(2) = sqrt(2)/2... ok

1 = (sqrt(3) + sqrt(2)) * (sqrt(3) - sqrt(2))... ok

(sqrt(2) ^ sqrt(2)) ^ sqrt(2) = 2... ok

54^1/3 - 2^1/3 = 16^1/3... ok

cos(0)=1... ok

cos(pi/2)=0... ok

sin(0)=0... ok

sin(pi/2)=1... ok

cos^2(pi/4) + sin^2(pi/4) = 1... ok

tan(pi/4) = 1... ok

pi/4 = 4arctan(1/5) - arctan(1/239)... ok

ln(1) = 0... ok

ln(e) = 1... ok

ln(pi*pi) = 2ln(pi)... ok

exp(-pi) = exp(-pi/2) * exp(-pi/2)... ok


*** Benchmarks ***

golden ratio = 1.61803 39887 49894 84820 45868 34365 63811 77203 09179 80576

e = 2.71828 18284 59045 23536 02874 71352 66249 77572 47093 69996

pi = 3.14159 26535 89793 23846 26433 83279 50288 41971 69399 37511

sqrt(pi) = 1.77245385090551602729816748334114518279754945612239

sin(e) = 0.41078129050290869547600949201836059188830697039342

cos(e) = -0.91173391478696509789371731780543184525041342921570

sin(sin(sin(1))) = 0.67843047736074022897916012648038632505211726009610

cos(cos(cos(1))) = 0.654289790497779149970966471327808496626615495472595

exp(exp(exp(1))) = 3814279.10476022059220921959409820357102394053622666607553

ln(pi) = 1.14472988584940017414342735135305871164729481291531

ln(1+ln(1+ln(1+pi))) = 0.63351070055219619318532156988033216142740343241327

ln(1+ln(1+ln(1+e))) = 0.60903623754620029367154766695069282835040492671909

sin(1e50) = -0.78967249342931008271028953991740775396008340462140

cos(1e50) = -0.61352860823366356226485295130376280010719043970532

